Logging output to /home/user/Html5/research/warrick_geomate_audit/geomate_main_site_root/warrick.log

in directory: /home/user/Html5/research/warrick_geomate_audit/geomate_main_site_root

Warrick version 2.2.2 by Frank McCown, adapted by Justin F. Brunelle
PID = 3185
Machine name = e2b.local

Setting up: Download to directory: /home/user/Html5/research/warrick_geomate_audit/geomate_main_site_root

not using input file...

Getting out of the get_memento function with http://mygeomate.com/

now dir is /home/user/Html5/research/warrick_geomate_audit/geomate_main_site_root

Host comparison: index.html vs mygeomate.com



removing duplicate paths 1: index.html =>targetpath: index.html



 mcurling: /home/user/Html5/tools/warrick//mcurl.pl -D "/home/user/Html5/research/warrick_geomate_audit/geomate_main_site_root/logfile.o"  -tg "http://mementoproxy.cs.odu.edu/aggr/timegate" -L -o "/home/user/Html5/research/warrick_geomate_audit/geomate_main_site_root/index.html" "http://mygeomate.com/"

found httpmygeomatecom as httpmygeomatecom in cache

Retrieving cached memento!
Running the copy: cp /home/user/Html5/tools/warrick//cache/httpmygeomatecom /home/user/Html5/research/warrick_geomate_audit/geomate_main_site_root/index.html


To stats FROM CACHE! http://mygeomate.com/ => httpmygeomatecom => /home/user/Html5/research/warrick_geomate_audit/geomate_main_site_root/index.html --> found httpmygeomatecom as httpmygeomatecom in cache

returning /home/user/Html5/research/warrick_geomate_audit/geomate_main_site_root/index.html
Search HTML resource /home/user/Html5/research/warrick_geomate_audit/geomate_main_site_root/index.html for links to other missing resources...
No Content in /home/user/Html5/research/warrick_geomate_audit/geomate_main_site_root/index.html!

Starting recovery at position 0 of -1

Program terminated.

-----------------------


