ALSA lib confmisc.c:855:(parse_card) cannot find card '0'
ALSA lib conf.c:5208:(_snd_config_evaluate) function snd_func_card_inum returned error: No such file or directory
ALSA lib confmisc.c:422:(snd_func_concat) error evaluating strings
ALSA lib conf.c:5208:(_snd_config_evaluate) function snd_func_concat returned error: No such file or directory
ALSA lib confmisc.c:1342:(snd_func_refer) error evaluating name
ALSA lib conf.c:5208:(_snd_config_evaluate) function snd_func_refer returned error: No such file or directory
ALSA lib conf.c:5731:(snd_config_expand) Evaluate error: No such file or directory
ALSA lib pcm.c:2721:(snd_pcm_open_noupdate) Unknown PCM default
ALSA lib seq_hw.c:528:(snd_seq_hw_open) open /dev/snd/seq failed: No such file or directory
DOSBox version 0.74-3
Copyright 2002-2019 DOSBox Team, published under GNU GPL.
---
CONFIG: Generating default configuration.
Writing it to /home/runner/.dosbox/dosbox-0.74-3.conf
CONFIG:Loading primary settings from config file /home/runner/.dosbox/dosbox-0.74-3.conf
MIXER:Can't open audio: ALSA: Couldn't open audio device: No such file or directory , running in nosound mode.
ALSA:Can't open sequencer
MIDI:Opened device:none
Diskcaching reset for normal mounted drives.
Diskcaching reset for normal mounted drives.
Diskcaching reset for normal mounted drives.
Diskcaching reset for normal mounted drives.
