manifest rows 467686
token 4A0F36311FCD5D6366196082948C0D5A matches 1
token 8DB04E099E22116919ABD4DFCB2A6530 matches 1
token 58ECEBFA7B06739DB937B3CEAFB7CC21 matches 1
token EF93E5FA6220AAA0241ADD163706F30B matches 1
token 28D7F700019EE925E937A3964E3EB12D matches 1
token C529D4AADE464BF5C8C65F79CA7ED9EC matches 1
token A31D62C63DCDABC8B21FCF8FC66F6F3D matches 1
token 6ADD5166139BBBC85E81E94571C790FA matches 1
token 13649B559F74AAB726CD4B56F3F4E855 matches 1
token 91985CF1B695F95A72DF8E27C75EAFC5 matches 1
token F54E8E2D4A979D6D83AC636569596369 matches 1
token F8294A40F19351B9F2C05717D6350B2E matches 1
token AB07ED5EBB0167C6704D8D024AFFF74D matches 1
token 0554BE676566850593276A84381E8B1A matches 1
token A7AC1F99F190A7966FE4874989A08C26 matches 1
token FB0C718C7DE194CD046D3D8AF9268DCF matches 1
token A131FCA432B42AEC82DFEFC02AA4879C matches 1
token F4878E9A997F130FFFB12A2ACDE5F1EE matches 1
token 8EC740ED0E4D6EF2C669C1BEF52E588F matches 1
token 8C3F387E85090907ED7864D07980AF86 matches 1
extracted 4A0F36311FCD5D6366196082948C0D5A_REGSVR.EXE 44544 crc_ok 477a024b9bd8fc8c2687d421e3790349
extracted 8DB04E099E22116919ABD4DFCB2A6530_REGSVR.EXE 44544 crc_ok 477a024b9bd8fc8c2687d421e3790349
extracted 58ECEBFA7B06739DB937B3CEAFB7CC21_REGSVR.EXE 53760 crc_ok c1ff3af6960e108028862d01fd27e1ab
extracted EF93E5FA6220AAA0241ADD163706F30B_REGSVR.EXE 44544 crc_ok 7f604eda52fbbcc71c51b6ed4515e839
extracted 28D7F700019EE925E937A3964E3EB12D_REGSVR.EXE 44544 crc_ok 477a024b9bd8fc8c2687d421e3790349
extracted C529D4AADE464BF5C8C65F79CA7ED9EC_REGSVR.EXE 44544 crc_ok 477a024b9bd8fc8c2687d421e3790349
extracted A31D62C63DCDABC8B21FCF8FC66F6F3D_REGSVR.EXE 44544 crc_ok 477a024b9bd8fc8c2687d421e3790349
extracted 6ADD5166139BBBC85E81E94571C790FA_REGSVR.EXE 44544 crc_ok 477a024b9bd8fc8c2687d421e3790349
extracted 13649B559F74AAB726CD4B56F3F4E855_REGSVR.EXE 44544 crc_ok 477a024b9bd8fc8c2687d421e3790349
extracted 91985CF1B695F95A72DF8E27C75EAFC5_AGENTCPD.DLL 32768 crc_ok 91985cf1b695f95a72df8e27c75eafc5
extracted F54E8E2D4A979D6D83AC636569596369_GLB1.tmp 71680 crc_ok f54e8e2d4a979d6d83ac636569596369
extracted F8294A40F19351B9F2C05717D6350B2E_cr_tw123a.exe 64512 crc_ok f8294a40f19351b9f2c05717d6350b2e
extracted AB07ED5EBB0167C6704D8D024AFFF74D_TSXP.EXE 365956 crc_ok ab07ed5ebb0167c6704d8d024afff74d
extracted 0554BE676566850593276A84381E8B1A_Clock_Data4.exe 146586 crc_ok 0554be676566850593276a84381e8b1a
range retry 0 270117635034 <HTTPError 500: 'Internal Server Error'>
extracted A7AC1F99F190A7966FE4874989A08C26_Clock_Data5.exe 161908 crc_ok a7ac1f99f190a7966fe4874989a08c26
extracted FB0C718C7DE194CD046D3D8AF9268DCF_KeyGen.exe 24557 crc_ok fb0c718c7de194cd046d3d8af9268dcf
extracted A131FCA432B42AEC82DFEFC02AA4879C_Setup1.exe 172032 crc_ok a131fca432b42aec82dfefc02aa4879c
extracted F4878E9A997F130FFFB12A2ACDE5F1EE_ƒÚóÕ½___ƒÚÛ_½_.exe 2492645 crc_ok f4878e9a997f130fffb12a2acde5f1ee
range retry 0 501003137 <HTTPError 500: 'Internal Server Error'>
extracted 8EC740ED0E4D6EF2C669C1BEF52E588F_CLScc.exe 12627 crc_ok 8ec740ed0e4d6ef2c669c1bef52e588f
extracted 8C3F387E85090907ED7864D07980AF86_A0262141.exe 330240 crc_ok 8c3f387e85090907ed7864d07980af86
DONE
